Archive member included to satisfy reference by file (symbol)

d:/ac6/systemworkbench/plugins/fr.ac6.mcu.externaltools.arm-none.win32_1.17.0.201812190825/tools/compiler/bin/../lib/gcc/arm-none-eabi/7.3.1/../../../../arm-none-eabi/lib/thumb/v7-m\libc.a(lib_a-errno.o)
                              src/syscalls.o (__errno)
d:/ac6/systemworkbench/plugins/fr.ac6.mcu.externaltools.arm-none.win32_1.17.0.201812190825/tools/compiler/bin/../lib/gcc/arm-none-eabi/7.3.1/../../../../arm-none-eabi/lib/thumb/v7-m\libc.a(lib_a-exit.o)
                              d:/ac6/systemworkbench/plugins/fr.ac6.mcu.externaltools.arm-none.win32_1.17.0.201812190825/tools/compiler/bin/../lib/gcc/arm-none-eabi/7.3.1/../../../../arm-none-eabi/lib/thumb/v7-m/crt0.o (exit)
d:/ac6/systemworkbench/plugins/fr.ac6.mcu.externaltools.arm-none.win32_1.17.0.201812190825/tools/compiler/bin/../lib/gcc/arm-none-eabi/7.3.1/../../../../arm-none-eabi/lib/thumb/v7-m\libc.a(lib_a-impure.o)
                              d:/ac6/systemworkbench/plugins/fr.ac6.mcu.externaltools.arm-none.win32_1.17.0.201812190825/tools/compiler/bin/../lib/gcc/arm-none-eabi/7.3.1/../../../../arm-none-eabi/lib/thumb/v7-m\libc.a(lib_a-exit.o) (_global_impure_ptr)
d:/ac6/systemworkbench/plugins/fr.ac6.mcu.externaltools.arm-none.win32_1.17.0.201812190825/tools/compiler/bin/../lib/gcc/arm-none-eabi/7.3.1/../../../../arm-none-eabi/lib/thumb/v7-m\libc.a(lib_a-init.o)
                              d:/ac6/systemworkbench/plugins/fr.ac6.mcu.externaltools.arm-none.win32_1.17.0.201812190825/tools/compiler/bin/../lib/gcc/arm-none-eabi/7.3.1/../../../../arm-none-eabi/lib/thumb/v7-m/crt0.o (__libc_init_array)
d:/ac6/systemworkbench/plugins/fr.ac6.mcu.externaltools.arm-none.win32_1.17.0.201812190825/tools/compiler/bin/../lib/gcc/arm-none-eabi/7.3.1/../../../../arm-none-eabi/lib/thumb/v7-m\libc.a(lib_a-memset.o)
                              d:/ac6/systemworkbench/plugins/fr.ac6.mcu.externaltools.arm-none.win32_1.17.0.201812190825/tools/compiler/bin/../lib/gcc/arm-none-eabi/7.3.1/../../../../arm-none-eabi/lib/thumb/v7-m/crt0.o (memset)
d:/ac6/systemworkbench/plugins/fr.ac6.mcu.externaltools.arm-none.win32_1.17.0.201812190825/tools/compiler/bin/../lib/gcc/arm-none-eabi/7.3.1/../../../../arm-none-eabi/lib/thumb/v7-m\libc.a(lib_a-__call_atexit.o)
                              d:/ac6/systemworkbench/plugins/fr.ac6.mcu.externaltools.arm-none.win32_1.17.0.201812190825/tools/compiler/bin/../lib/gcc/arm-none-eabi/7.3.1/../../../../arm-none-eabi/lib/thumb/v7-m\libc.a(lib_a-exit.o) (__call_exitprocs)
d:/ac6/systemworkbench/plugins/fr.ac6.mcu.externaltools.arm-none.win32_1.17.0.201812190825/tools/compiler/bin/../lib/gcc/arm-none-eabi/7.3.1/../../../../arm-none-eabi/lib/thumb/v7-m\libc.a(lib_a-atexit.o)
                              d:/ac6/systemworkbench/plugins/fr.ac6.mcu.externaltools.arm-none.win32_1.17.0.201812190825/tools/compiler/bin/../lib/gcc/arm-none-eabi/7.3.1/../../../../arm-none-eabi/lib/thumb/v7-m\libc.a(lib_a-__call_atexit.o) (atexit)
d:/ac6/systemworkbench/plugins/fr.ac6.mcu.externaltools.arm-none.win32_1.17.0.201812190825/tools/compiler/bin/../lib/gcc/arm-none-eabi/7.3.1/../../../../arm-none-eabi/lib/thumb/v7-m\libc.a(lib_a-fini.o)
                              d:/ac6/systemworkbench/plugins/fr.ac6.mcu.externaltools.arm-none.win32_1.17.0.201812190825/tools/compiler/bin/../lib/gcc/arm-none-eabi/7.3.1/../../../../arm-none-eabi/lib/thumb/v7-m\libc.a(lib_a-__call_atexit.o) (__libc_fini_array)
d:/ac6/systemworkbench/plugins/fr.ac6.mcu.externaltools.arm-none.win32_1.17.0.201812190825/tools/compiler/bin/../lib/gcc/arm-none-eabi/7.3.1/../../../../arm-none-eabi/lib/thumb/v7-m\libc.a(lib_a-lock.o)
                              d:/ac6/systemworkbench/plugins/fr.ac6.mcu.externaltools.arm-none.win32_1.17.0.201812190825/tools/compiler/bin/../lib/gcc/arm-none-eabi/7.3.1/../../../../arm-none-eabi/lib/thumb/v7-m\libc.a(lib_a-__call_atexit.o) (__retarget_lock_acquire_recursive)
d:/ac6/systemworkbench/plugins/fr.ac6.mcu.externaltools.arm-none.win32_1.17.0.201812190825/tools/compiler/bin/../lib/gcc/arm-none-eabi/7.3.1/../../../../arm-none-eabi/lib/thumb/v7-m\libc.a(lib_a-__atexit.o)
                              d:/ac6/systemworkbench/plugins/fr.ac6.mcu.externaltools.arm-none.win32_1.17.0.201812190825/tools/compiler/bin/../lib/gcc/arm-none-eabi/7.3.1/../../../../arm-none-eabi/lib/thumb/v7-m\libc.a(lib_a-atexit.o) (__register_exitproc)

Allocating common symbols
Common symbol       size              file

__lock___atexit_recursive_mutex
                    0x1               d:/ac6/systemworkbench/plugins/fr.ac6.mcu.externaltools.arm-none.win32_1.17.0.201812190825/tools/compiler/bin/../lib/gcc/arm-none-eabi/7.3.1/../../../../arm-none-eabi/lib/thumb/v7-m\libc.a(lib_a-lock.o)
__lock___arc4random_mutex
[...]
Memory Configuration

Name             Origin             Length             Attributes
RAM              0x20000000         0x00005000         xrw
ROM              0x08000000         0x00010000         xr
*default*        0x00000000         0xffffffff

Linker script and memory map

LOAD d:/ac6/systemworkbench/plugins/fr.ac6.mcu.externaltools.arm-none.win32_1.17.0.201812190825/tools/compiler/bin/../lib/gcc/arm-none-eabi/7.3.1/thumb/v7-m/crti.o
LOAD d:/ac6/systemworkbench/plugins/fr.ac6.mcu.externaltools.arm-none.win32_1.17.0.201812190825/tools/compiler/bin/../lib/gcc/arm-none-eabi/7.3.1/thumb/v7-m/crtbegin.o
LOAD d:/ac6/systemworkbench/plugins/fr.ac6.mcu.externaltools.arm-none.win32_1.17.0.201812190825/tools/compiler/bin/../lib/gcc/arm-none-eabi/7.3.1/../../../../arm-none-eabi/lib/thumb/v7-m/crt0.o
LOAD CMSIS/core/core_cm3.o
LOAD StdPeriph_Driver/src/misc.o
LOAD StdPeriph_Driver/src/stm32f10x_adc.o
LOAD StdPeriph_Driver/src/stm32f10x_bkp.o
LOAD StdPeriph_Driver/src/stm32f10x_can.o
LOAD StdPeriph_Driver/src/stm32f10x_cec.o
LOAD StdPeriph_Driver/src/stm32f10x_crc.o
LOAD StdPeriph_Driver/src/stm32f10x_dac.o
LOAD StdPeriph_Driver/src/stm32f10x_dbgmcu.o
LOAD StdPeriph_Driver/src/stm32f10x_dma.o
LOAD StdPeriph_Driver/src/stm32f10x_exti.o
LOAD StdPeriph_Driver/src/stm32f10x_flash.o
LOAD StdPeriph_Driver/src/stm32f10x_fsmc.o
LOAD StdPeriph_Driver/src/stm32f10x_gpio.o
LOAD StdPeriph_Driver/src/stm32f10x_i2c.o
LOAD StdPeriph_Driver/src/stm32f10x_iwdg.o
LOAD StdPeriph_Driver/src/stm32f10x_pwr.o
LOAD StdPeriph_Driver/src/stm32f10x_rcc.o
LOAD StdPeriph_Driver/src/stm32f10x_rtc.o
LOAD StdPeriph_Driver/src/stm32f10x_sdio.o
LOAD StdPeriph_Driver/src/stm32f10x_spi.o
LOAD StdPeriph_Driver/src/stm32f10x_tim.o
LOAD StdPeriph_Driver/src/stm32f10x_usart.o
LOAD StdPeriph_Driver/src/stm32f10x_wwdg.o
LOAD src/ADC.o
LOAD src/CCS811.o
LOAD src/CCS811_IIC.o
LOAD src/Delay.o
LOAD src/IO_input.o
LOAD src/IO_output.o
LOAD src/PWM.o
LOAD src/Timer.o
LOAD src/Usart.o
LOAD src/main.o
LOAD src/oled.o
LOAD src/sys.o
LOAD src/syscalls.o
LOAD src/system_stm32f10x.o
LOAD startup/startup_stm32.o
LOAD d:/ac6/systemworkbench/plugins/fr.ac6.mcu.externaltools.arm-none.win32_1.17.0.201812190825/tools/compiler/bin/../lib/gcc/arm-none-eabi/7.3.1/../../../../arm-none-eabi/lib/thumb/v7-m\libm.a
START GROUP
LOAD d:/ac6/systemworkbench/plugins/fr.ac6.mcu.externaltools.arm-none.win32_1.17.0.201812190825/tools/compiler/bin/../lib/gcc/arm-none-eabi/7.3.1/thumb/v7-m\libgcc.a
LOAD d:/ac6/systemworkbench/plugins/fr.ac6.mcu.externaltools.arm-none.win32_1.17.0.201812190825/tools/compiler/bin/../lib/gcc/arm-none-eabi/7.3.1/../../../../arm-none-eabi/lib/thumb/v7-m\libc.a
END GROUP
LOAD d:/ac6/systemworkbench/plugins/fr.ac6.mcu.externaltools.arm-none.win32_1.17.0.201812190825/tools/compiler/bin/../lib/gcc/arm-none-eabi/7.3.1/thumb/v7-m/crtend.o
LOAD d:/ac6/systemworkbench/plugins/fr.ac6.mcu.externaltools.arm-none.win32_1.17.0.201812190825/tools/compiler/bin/../lib/gcc/arm-none-eabi/7.3.1/thumb/v7-m/crtn.o
                0x20005000                _estack = 0x20005000
                0x00000000                _Min_Heap_Size = 0x0
                0x00000400                _Min_Stack_Size = 0x400

.isr_vector     0x08000000      0x130
                0x08000000                . = ALIGN (0x4)
 *(.isr_vector)
 .isr_vector    0x08000000      0x130 startup/startup_stm32.o
                0x08000000                g_pfnVectors
                0x08000130                . = ALIGN (0x4)

.text           0x08000130      0xd54
                0x08000130                . = ALIGN (0x4)
 *(.text)
 .text          0x08000130       0x40 d:/ac6/systemworkbench/plugins/fr.ac6.mcu.externaltools.arm-none.win32_1.17.0.201812190825/tools/compiler/bin/../lib/gcc/arm-none-eabi/7.3.1/thumb/v7-m/crtbegin.o
 *(.text*)
 .text.SysTick_CLKSourceConfig
                0x08000170       0x38 StdPeriph_Driver/src/misc.o
                0x08000170                SysTick_CLKSourceConfig
 .text.GPIO_Init
                0x080001a8      0x178 StdPeriph_Driver/src/stm32f10x_gpio.o
                0x080001a8                GPIO_Init
 .text.RCC_APB2PeriphClockCmd
                0x08000320       0x3c StdPeriph_Driver/src/stm32f10x_rcc.o
                0x08000320                RCC_APB2PeriphClockCmd
 .text.RCC_APB1PeriphClockCmd
                0x0800035c       0x3c StdPeriph_Driver/src/stm32f10x_rcc.o
                0x0800035c                RCC_APB1PeriphClockCmd
 .text.TIM_TimeBaseInit
                0x08000398       0xf8 StdPeriph_Driver/src/stm32f10x_tim.o
                0x08000398                TIM_TimeBaseInit
 .text.TIM_OC1Init
                0x08000490      0x118 StdPeriph_Driver/src/stm32f10x_tim.o
                0x08000490                TIM_OC1Init
 .text.TIM_OC2Init
                0x080005a8      0x110 StdPeriph_Driver/src/stm32f10x_tim.o
                0x080005a8                TIM_OC2Init
 .text.TIM_Cmd  0x080006b8       0x3e StdPeriph_Driver/src/stm32f10x_tim.o
                0x080006b8                TIM_Cmd
 .text.TIM_CtrlPWMOutputs
                0x080006f6       0x4a StdPeriph_Driver/src/stm32f10x_tim.o
                0x080006f6                TIM_CtrlPWMOutputs
 .text.TIM_OC1PreloadConfig
                0x08000740       0x36 StdPeriph_Driver/src/stm32f10x_tim.o
                0x08000740                TIM_OC1PreloadConfig
 .text.TIM_OC2PreloadConfig
                0x08000776       0x3a StdPeriph_Driver/src/stm32f10x_tim.o
                0x08000776                TIM_OC2PreloadConfig
 .text.TIM_SetCompare1
                0x080007b0       0x1c StdPeriph_Driver/src/stm32f10x_tim.o
                0x080007b0                TIM_SetCompare1
 .text.TIM_SetCompare2
                0x080007cc       0x1c StdPeriph_Driver/src/stm32f10x_tim.o
                0x080007cc                TIM_SetCompare2
 .text.TIM_GetITStatus
                0x080007e8       0x52 StdPeriph_Driver/src/stm32f10x_tim.o
                0x080007e8                TIM_GetITStatus
 .text.TIM_ClearITPendingBit
                0x0800083a       0x20 StdPeriph_Driver/src/stm32f10x_tim.o
                0x0800083a                TIM_ClearITPendingBit
 .text.USART_ReceiveData
                0x0800085a       0x1e StdPeriph_Driver/src/stm32f10x_usart.o
                0x0800085a                USART_ReceiveData
 .text.USART_GetITStatus
                0x08000878       0xb4 StdPeriph_Driver/src/stm32f10x_usart.o
                0x08000878                USART_GetITStatus
 .text.USART_ClearITPendingBit
                0x0800092c       0x38 StdPeriph_Driver/src/stm32f10x_usart.o
                0x0800092c                USART_ClearITPendingBit
 .text.delay_init
                0x08000964       0x4c src/Delay.o
                0x08000964                delay_init
 .text.ServoIOInit
                0x080009b0       0x34 src/PWM.o
                0x080009b0                ServoIOInit
 .text.ServoTIMInit
                0x080009e4       0x90 src/PWM.o
                0x080009e4                ServoTIMInit
 .text.ServoInit
                0x08000a74       0x10 src/PWM.o
                0x08000a74                ServoInit
 .text.SetServo1PWM
                0x08000a84       0x20 src/PWM.o
                0x08000a84                SetServo1PWM
 .text.SetServo2PWM
                0x08000aa4       0x20 src/PWM.o
                0x08000aa4                SetServo2PWM
 .text.USART1_IRQHandler
                0x08000ac4       0x38 src/Usart.o
                0x08000ac4                USART1_IRQHandler
 .text.TIM3_IRQHandler
                0x08000afc       0x24 src/main.o
                0x08000afc                TIM3_IRQHandler
 .text.main     0x08000b20       0x1e src/main.o
                0x08000b20                main
 *fill*         0x08000b3e        0x2 
 .text.SystemInit
                0x08000b40       0x68 src/system_stm32f10x.o
                0x08000b40                SystemInit
 .text.SetSysClock
                0x08000ba8        0xc src/system_stm32f10x.o
 .text.SetSysClockTo72
                0x08000bb4      0x100 src/system_stm32f10x.o
 .text.Reset_Handler
                0x08000cb4       0x50 startup/startup_stm32.o
                0x08000cb4                Reset_Handler
 .text.Default_Handler
                0x08000d04        0x2 startup/startup_stm32.o
                0x08000d04                EXTI2_IRQHandler
                0x08000d04                TIM8_TRG_COM_IRQHandler
                0x08000d04                TIM8_CC_IRQHandler
                0x08000d04                DebugMon_Handler
                0x08000d04                TIM1_CC_IRQHandler
                0x08000d04                HardFault_Handler
                0x08000d04                TIM6_IRQHandler
                0x08000d04                SysTick_Handler
                0x08000d04                PVD_IRQHandler
                0x08000d04                SDIO_IRQHandler
                0x08000d04                PendSV_Handler
                0x08000d04                NMI_Handler
                0x08000d04                EXTI3_IRQHandler
                0x08000d04                USB_HP_CAN_TX_IRQHandler
                0x08000d04                EXTI0_IRQHandler
                0x08000d04                I2C2_EV_IRQHandler
                0x08000d04                UsageFault_Handler
                0x08000d04                ADC1_2_IRQHandler
                0x08000d04                SPI1_IRQHandler
                0x08000d04                CAN_SCE_IRQHandler
                0x08000d04                TAMPER_IRQHandler
                0x08000d04                TIM8_UP_IRQHandler
                0x08000d04                DMA2_Channel2_IRQHandler
                0x08000d04                DMA1_Channel4_IRQHandler
                0x08000d04                USART3_IRQHandler
                0x08000d04                RTC_IRQHandler
                0x08000d04                DMA1_Channel7_IRQHandler
                0x08000d04                UART5_IRQHandler
                0x08000d04                ADC3_IRQHandler
                0x08000d04                TIM4_IRQHandler
                0x08000d04                CAN_RX1_IRQHandler
                0x08000d04                DMA2_Channel1_IRQHandler
                0x08000d04                I2C1_EV_IRQHandler
                0x08000d04                DMA1_Channel6_IRQHandler
                0x08000d04                UART4_IRQHandler
                0x08000d04                RCC_IRQHandler
                0x08000d04                TIM1_TRG_COM_IRQHandler
                0x08000d04                DMA1_Channel1_IRQHandler
                0x08000d04                Default_Handler
                0x08000d04                EXTI15_10_IRQHandler
                0x08000d04                TIM7_IRQHandler
                0x08000d04                TIM5_IRQHandler
                0x08000d04                EXTI9_5_IRQHandler
                0x08000d04                SPI2_IRQHandler
                0x08000d04                USB_LP_CAN_RX0_IRQHandler
                0x08000d04                MemManage_Handler
                0x08000d04                SVC_Handler
                0x08000d04                DMA1_Channel5_IRQHandler
                0x08000d04                EXTI4_IRQHandler
                0x08000d04                DMA1_Channel3_IRQHandler
                0x08000d04                FSMC_IRQHandler
                0x08000d04                TIM1_UP_IRQHandler
                0x08000d04                WWDG_IRQHandler
                0x08000d04                TIM2_IRQHandler
                0x08000d04                TIM1_BRK_IRQHandler
                0x08000d04                EXTI1_IRQHandler
                0x08000d04                RTCAlarm_IRQHandler
                0x08000d04                DMA2_Channel4_5_IRQHandler
                0x08000d04                USART2_IRQHandler
                0x08000d04                I2C2_ER_IRQHandler
                0x08000d04                DMA1_Channel2_IRQHandler
                0x08000d04                TIM8_BRK_IRQHandler
                0x08000d04                FLASH_IRQHandler
                0x08000d04                BusFault_Handler
                0x08000d04                SPI3_IRQHandler
                0x08000d04                I2C1_ER_IRQHandler
                0x08000d04                DMA2_Channel3_IRQHandler
 *fill*         0x08000d06        0x2 
 .text.__libc_init_array
                0x08000d08       0x48 d:/ac6/systemworkbench/plugins/fr.ac6.mcu.externaltools.arm-none.win32_1.17.0.201812190825/tools/compiler/bin/../lib/gcc/arm-none-eabi/7.3.1/../../../../arm-none-eabi/lib/thumb/v7-m\libc.a(lib_a-init.o)
                0x08000d08                __libc_init_array
 .text.startup.register_fini
                0x08000d50       0x14 d:/ac6/systemworkbench/plugins/fr.ac6.mcu.externaltools.arm-none.win32_1.17.0.201812190825/tools/compiler/bin/../lib/gcc/arm-none-eabi/7.3.1/../../../../arm-none-eabi/lib/thumb/v7-m\libc.a(lib_a-__call_atexit.o)
 .text.atexit   0x08000d64        0xc d:/ac6/systemworkbench/plugins/fr.ac6.mcu.externaltools.arm-none.win32_1.17.0.201812190825/tools/compiler/bin/../lib/gcc/arm-none-eabi/7.3.1/../../../../arm-none-eabi/lib/thumb/v7-m\libc.a(lib_a-atexit.o)
                0x08000d64                atexit
 .text.__libc_fini_array
                0x08000d70       0x34 d:/ac6/systemworkbench/plugins/fr.ac6.mcu.externaltools.arm-none.win32_1.17.0.201812190825/tools/compiler/bin/../lib/gcc/arm-none-eabi/7.3.1/../../../../arm-none-eabi/lib/thumb/v7-m\libc.a(lib_a-fini.o)
                0x08000d70                __libc_fini_array
 .text.__retarget_lock_acquire_recursive
                0x08000da4        0x4 d:/ac6/systemworkbench/plugins/fr.ac6.mcu.externaltools.arm-none.win32_1.17.0.201812190825/tools/compiler/bin/../lib/gcc/arm-none-eabi/7.3.1/../../../../arm-none-eabi/lib/thumb/v7-m\libc.a(lib_a-lock.o)
                0x08000da4                __retarget_lock_acquire_recursive
 .text.__retarget_lock_release_recursive
                0x08000da8        0x4 d:/ac6/systemworkbench/plugins/fr.ac6.mcu.externaltools.arm-none.win32_1.17.0.201812190825/tools/compiler/bin/../lib/gcc/arm-none-eabi/7.3.1/../../../../arm-none-eabi/lib/thumb/v7-m\libc.a(lib_a-lock.o)
                0x08000da8                __retarget_lock_release_recursive
 .text.__register_exitproc
                0x08000dac       0xc0 d:/ac6/systemworkbench/plugins/fr.ac6.mcu.externaltools.arm-none.win32_1.17.0.201812190825/tools/compiler/bin/../lib/gcc/arm-none-eabi/7.3.1/../../../../arm-none-eabi/lib/thumb/v7-m\libc.a(lib_a-__atexit.o)
                0x08000dac                __register_exitproc
 *(.glue_7)
 .glue_7        0x08000e6c        0x0 linker stubs
 *(.glue_7t)
 .glue_7t       0x08000e6c        0x0 linker stubs
 *(.eh_frame)
 .eh_frame      0x08000e6c        0x0 d:/ac6/systemworkbench/plugins/fr.ac6.mcu.externaltools.arm-none.win32_1.17.0.201812190825/tools/compiler/bin/../lib/gcc/arm-none-eabi/7.3.1/thumb/v7-m/crtbegin.o
 *(.init)
 .init          0x08000e6c        0x4 d:/ac6/systemworkbench/plugins/fr.ac6.mcu.externaltools.arm-none.win32_1.17.0.201812190825/tools/compiler/bin/../lib/gcc/arm-none-eabi/7.3.1/thumb/v7-m/crti.o
                0x08000e6c                _init
 .init          0x08000e70        0x8 d:/ac6/systemworkbench/plugins/fr.ac6.mcu.externaltools.arm-none.win32_1.17.0.201812190825/tools/compiler/bin/../lib/gcc/arm-none-eabi/7.3.1/thumb/v7-m/crtn.o
 *(.fini)
 .fini          0x08000e78        0x4 d:/ac6/systemworkbench/plugins/fr.ac6.mcu.externaltools.arm-none.win32_1.17.0.201812190825/tools/compiler/bin/../lib/gcc/arm-none-eabi/7.3.1/thumb/v7-m/crti.o
                0x08000e78                _fini
 .fini          0x08000e7c        0x8 d:/ac6/systemworkbench/plugins/fr.ac6.mcu.externaltools.arm-none.win32_1.17.0.201812190825/tools/compiler/bin/../lib/gcc/arm-none-eabi/7.3.1/thumb/v7-m/crtn.o
                0x08000e84                . = ALIGN (0x4)
                0x08000e84                _etext = .

.vfp11_veneer   0x08000e84        0x0
 .vfp11_veneer  0x08000e84        0x0 linker stubs

.v4_bx          0x08000e84        0x0
 .v4_bx         0x08000e84        0x0 linker stubs

.iplt           0x08000e84        0x0
 .iplt          0x08000e84        0x0 d:/ac6/systemworkbench/plugins/fr.ac6.mcu.externaltools.arm-none.win32_1.17.0.201812190825/tools/compiler/bin/../lib/gcc/arm-none-eabi/7.3.1/thumb/v7-m/crtbegin.o

.rodata         0x08000e84        0x4
                0x08000e84                . = ALIGN (0x4)
 *(.rodata)
 *(.rodata*)
 .rodata._global_impure_ptr
                0x08000e84        0x4 d:/ac6/systemworkbench/plugins/fr.ac6.mcu.externaltools.arm-none.win32_1.17.0.201812190825/tools/compiler/bin/../lib/gcc/arm-none-eabi/7.3.1/../../../../arm-none-eabi/lib/thumb/v7-m\libc.a(lib_a-impure.o)
                0x08000e84                _global_impure_ptr
                0x08000e88                . = ALIGN (0x4)

.rel.dyn        0x08000e88        0x0
 .rel.iplt      0x08000e88        0x0 d:/ac6/systemworkbench/plugins/fr.ac6.mcu.externaltools.arm-none.win32_1.17.0.201812190825/tools/compiler/bin/../lib/gcc/arm-none-eabi/7.3.1/thumb/v7-m/crtbegin.o

.ARM.extab      0x08000e88        0x0
                0x08000e88                . = ALIGN (0x4)
 *(.ARM.extab* .gnu.linkonce.armextab.*)
                0x08000e88                . = ALIGN (0x4)

.ARM            0x08000e88        0x0
                0x08000e88                . = ALIGN (0x4)
                0x08000e88                __exidx_start = .
 *(.ARM.exidx*)
                0x08000e88                __exidx_end = .
                0x08000e88                . = ALIGN (0x4)

.preinit_array  0x08000e88        0x0
                0x08000e88                . = ALIGN (0x4)
                0x08000e88                PROVIDE (__preinit_array_start = .)
 *(.preinit_array*)
                0x08000e88                PROVIDE (__preinit_array_end = .)
                0x08000e88                . = ALIGN (0x4)

.init_array     0x08000e88        0x8
                0x08000e88                . = ALIGN (0x4)
                0x08000e88                PROVIDE (__init_array_start = .)
 *(SORT_BY_NAME(.init_array.*))
 .init_array.00000
                0x08000e88        0x4 d:/ac6/systemworkbench/plugins/fr.ac6.mcu.externaltools.arm-none.win32_1.17.0.201812190825/tools/compiler/bin/../lib/gcc/arm-none-eabi/7.3.1/../../../../arm-none-eabi/lib/thumb/v7-m\libc.a(lib_a-__call_atexit.o)
 *(.init_array*)
 .init_array    0x08000e8c        0x4 d:/ac6/systemworkbench/plugins/fr.ac6.mcu.externaltools.arm-none.win32_1.17.0.201812190825/tools/compiler/bin/../lib/gcc/arm-none-eabi/7.3.1/thumb/v7-m/crtbegin.o
                0x08000e90                PROVIDE (__init_array_end = .)
                0x08000e90                . = ALIGN (0x4)

.fini_array     0x08000e90        0x4
                0x08000e90                . = ALIGN (0x4)
                0x08000e90                PROVIDE (__fini_array_start = .)
 *(SORT_BY_NAME(.fini_array.*))
 *(.fini_array*)
 .fini_array    0x08000e90        0x4 d:/ac6/systemworkbench/plugins/fr.ac6.mcu.externaltools.arm-none.win32_1.17.0.201812190825/tools/compiler/bin/../lib/gcc/arm-none-eabi/7.3.1/thumb/v7-m/crtbegin.o
                0x08000e94                PROVIDE (__fini_array_end = .)
                0x08000e94                . = ALIGN (0x4)
                0x08000e94                _sidata = LOADADDR (.data)

.data           0x20000000      0x444 load address 0x08000e94
                0x20000000                . = ALIGN (0x4)
                0x20000000                _sdata = .
 *(.data)
 .data          0x20000000       0x14 src/system_stm32f10x.o
                0x20000000                SystemCoreClock
                0x20000004                AHBPrescTable
 *(.data*)
 *fill*         0x20000014        0x4 
 .data.impure_data
                0x20000018      0x428 d:/ac6/systemworkbench/plugins/fr.ac6.mcu.externaltools.arm-none.win32_1.17.0.201812190825/tools/compiler/bin/../lib/gcc/arm-none-eabi/7.3.1/../../../../arm-none-eabi/lib/thumb/v7-m\libc.a(lib_a-impure.o)
 .data.__atexit_recursive_mutex
                0x20000440        0x4 d:/ac6/systemworkbench/plugins/fr.ac6.mcu.externaltools.arm-none.win32_1.17.0.201812190825/tools/compiler/bin/../lib/gcc/arm-none-eabi/7.3.1/../../../../arm-none-eabi/lib/thumb/v7-m\libc.a(lib_a-__call_atexit.o)
                0x20000440                __atexit_recursive_mutex
                0x20000444                . = ALIGN (0x4)
                0x20000444                _edata = .

.igot.plt       0x20000444        0x0 load address 0x080012d8
 .igot.plt      0x20000444        0x0 d:/ac6/systemworkbench/plugins/fr.ac6.mcu.externaltools.arm-none.win32_1.17.0.201812190825/tools/compiler/bin/../lib/gcc/arm-none-eabi/7.3.1/thumb/v7-m/crtbegin.o
                0x20000444                . = ALIGN (0x4)

.bss            0x20000444       0x48 load address 0x080012d8
                0x20000444                _sbss = .
                0x20000444                __bss_start__ = _sbss
 *(.bss)
 .bss           0x20000444       0x1c d:/ac6/systemworkbench/plugins/fr.ac6.mcu.externaltools.arm-none.win32_1.17.0.201812190825/tools/compiler/bin/../lib/gcc/arm-none-eabi/7.3.1/thumb/v7-m/crtbegin.o
 .bss           0x20000460        0x4 src/Delay.o
 *(.bss*)
 *(COMMON)
 COMMON         0x20000464        0x1 src/Usart.o
                0x20000464                rece
 *fill*         0x20000465        0x3 
 COMMON         0x20000468       0x21 d:/ac6/systemworkbench/plugins/fr.ac6.mcu.externaltools.arm-none.win32_1.17.0.201812190825/tools/compiler/bin/../lib/gcc/arm-none-eabi/7.3.1/../../../../arm-none-eabi/lib/thumb/v7-m\libc.a(lib_a-lock.o)
                0x20000468                __lock___atexit_recursive_mutex
                0x2000046c                __lock___arc4random_mutex
                0x20000470                __lock___env_recursive_mutex
                0x20000474                __lock___sinit_recursive_mutex
                0x20000478                __lock___malloc_recursive_mutex
                0x2000047c                __lock___at_quick_exit_mutex
                0x20000480                __lock___dd_hash_mutex
                0x20000484                __lock___tz_mutex
                0x20000488                __lock___sfp_recursive_mutex
                0x2000048c                . = ALIGN (0x4)
 *fill*         0x20000489        0x3 
                0x2000048c                _ebss = .
                0x2000048c                __bss_end__ = _ebss

._user_heap_stack
                0x2000048c      0x404 load address 0x080012d8
                0x20000490                . = ALIGN (0x8)
 *fill*         0x2000048c        0x4 
                0x20000490                PROVIDE (end = .)
                [!provide]                PROVIDE (_end = .)
                0x20000490                . = (. + _Min_Heap_Size)
                0x20000890                . = (. + _Min_Stack_Size)
 *fill*         0x20000490      0x400 
                0x20000890                . = ALIGN (0x8)

/DISCARD/
 libc.a(*)
 libm.a(*)
 libgcc.a(*)

.ARM.attributes
                0x00000000       0x29
 *(.ARM.attributes)
 .ARM.attributes
                0x00000000       0x1d d:/ac6/systemworkbench/plugins/fr.ac6.mcu.externaltools.arm-none.win32_1.17.0.201812190825/tools/compiler/bin/../lib/gcc/arm-none-eabi/7.3.1/thumb/v7-m/crti.o
 .ARM.attributes
                0x0000001d       0x2d d:/ac6/systemworkbench/plugins/fr.ac6.mcu.externaltools.arm-none.win32_1.17.0.201812190825/tools/compiler/bin/../lib/gcc/arm-none-eabi/7.3.1/thumb/v7-m/crtbegin.o
 .ARM.attributes
                0x0000004a       0x33 StdPeriph_Driver/src/misc.o
 .ARM.attributes
                0x0000007d       0x33 StdPeriph_Driver/src/stm32f10x_gpio.o
 .ARM.attributes
                0x000000b0       0x33 StdPeriph_Driver/src/stm32f10x_rcc.o
 .ARM.attributes
                0x000000e3       0x33 StdPeriph_Driver/src/stm32f10x_tim.o
 .ARM.attributes
                0x00000116       0x33 StdPeriph_Driver/src/stm32f10x_usart.o
 .ARM.attributes
                0x00000149       0x33 src/Delay.o
 .ARM.attributes
                0x0000017c       0x33 src/PWM.o
 .ARM.attributes
                0x000001af       0x33 src/Usart.o
 .ARM.attributes
                0x000001e2       0x33 src/main.o
 .ARM.attributes
                0x00000215       0x33 src/system_stm32f10x.o
 .ARM.attributes
                0x00000248       0x21 startup/startup_stm32.o
 .ARM.attributes
                0x00000269       0x2d d:/ac6/systemworkbench/plugins/fr.ac6.mcu.externaltools.arm-none.win32_1.17.0.201812190825/tools/compiler/bin/../lib/gcc/arm-none-eabi/7.3.1/../../../../arm-none-eabi/lib/thumb/v7-m\libc.a(lib_a-impure.o)
 .ARM.attributes
                0x00000296       0x2d d:/ac6/systemworkbench/plugins/fr.ac6.mcu.externaltools.arm-none.win32_1.17.0.201812190825/tools/compiler/bin/../lib/gcc/arm-none-eabi/7.3.1/../../../../arm-none-eabi/lib/thumb/v7-m\libc.a(lib_a-init.o)
 .ARM.attributes
                0x000002c3       0x2d d:/ac6/systemworkbench/plugins/fr.ac6.mcu.externaltools.arm-none.win32_1.17.0.201812190825/tools/compiler/bin/../lib/gcc/arm-none-eabi/7.3.1/../../../../arm-none-eabi/lib/thumb/v7-m\libc.a(lib_a-__call_atexit.o)
 .ARM.attributes
                0x000002f0       0x2d d:/ac6/systemworkbench/plugins/fr.ac6.mcu.externaltools.arm-none.win32_1.17.0.201812190825/tools/compiler/bin/../lib/gcc/arm-none-eabi/7.3.1/../../../../arm-none-eabi/lib/thumb/v7-m\libc.a(lib_a-atexit.o)
 .ARM.attributes
                0x0000031d       0x2d d:/ac6/systemworkbench/plugins/fr.ac6.mcu.externaltools.arm-none.win32_1.17.0.201812190825/tools/compiler/bin/../lib/gcc/arm-none-eabi/7.3.1/../../../../arm-none-eabi/lib/thumb/v7-m\libc.a(lib_a-fini.o)
 .ARM.attributes
                0x0000034a       0x2d d:/ac6/systemworkbench/plugins/fr.ac6.mcu.externaltools.arm-none.win32_1.17.0.201812190825/tools/compiler/bin/../lib/gcc/arm-none-eabi/7.3.1/../../../../arm-none-eabi/lib/thumb/v7-m\libc.a(lib_a-lock.o)
 .ARM.attributes
                0x00000377       0x2d d:/ac6/systemworkbench/plugins/fr.ac6.mcu.externaltools.arm-none.win32_1.17.0.201812190825/tools/compiler/bin/../lib/gcc/arm-none-eabi/7.3.1/../../../../arm-none-eabi/lib/thumb/v7-m\libc.a(lib_a-__atexit.o)
 .ARM.attributes
                0x000003a4       0x1d d:/ac6/systemworkbench/plugins/fr.ac6.mcu.externaltools.arm-none.win32_1.17.0.201812190825/tools/compiler/bin/../lib/gcc/arm-none-eabi/7.3.1/thumb/v7-m/crtn.o
OUTPUT(CCS811_EC.elf elf32-littlearm)

.debug_info     0x00000000     0x6843
 .debug_info    0x00000000      0x4e7 StdPeriph_Driver/src/misc.o
 .debug_info    0x000004e7      0x6e6 StdPeriph_Driver/src/stm32f10x_gpio.o
 .debug_info    0x00000bcd      0x89c StdPeriph_Driver/src/stm32f10x_rcc.o
 .debug_info    0x00001469     0x1c54 StdPeriph_Driver/src/stm32f10x_tim.o
 .debug_info    0x000030bd      0x9e4 StdPeriph_Driver/src/stm32f10x_usart.o
 .debug_info    0x00003aa1      0x216 src/Delay.o
 .debug_info    0x00003cb7      0xddc src/PWM.o
 .debug_info    0x00004a93      0xdef src/Usart.o
 .debug_info    0x00005882      0xb4f src/main.o
 .debug_info    0x000063d1      0x450 src/system_stm32f10x.o
 .debug_info    0x00006821       0x22 startup/startup_stm32.o

.debug_abbrev   0x00000000     0x1237
 .debug_abbrev  0x00000000      0x186 StdPeriph_Driver/src/misc.o
 .debug_abbrev  0x00000186      0x200 StdPeriph_Driver/src/stm32f10x_gpio.o
 .debug_abbrev  0x00000386      0x1d4 StdPeriph_Driver/src/stm32f10x_rcc.o
 .debug_abbrev  0x0000055a      0x1c8 StdPeriph_Driver/src/stm32f10x_tim.o
 .debug_abbrev  0x00000722      0x194 StdPeriph_Driver/src/stm32f10x_usart.o
 .debug_abbrev  0x000008b6      0x10e src/Delay.o
 .debug_abbrev  0x000009c4      0x248 src/PWM.o
 .debug_abbrev  0x00000c0c      0x27e src/Usart.o
 .debug_abbrev  0x00000e8a      0x1fd src/main.o
 .debug_abbrev  0x00001087      0x19e src/system_stm32f10x.o
 .debug_abbrev  0x00001225       0x12 startup/startup_stm32.o

.debug_aranges  0x00000000      0x738
 .debug_aranges
                0x00000000       0x40 StdPeriph_Driver/src/misc.o
 .debug_aranges
                0x00000040       0xa8 StdPeriph_Driver/src/stm32f10x_gpio.o
 .debug_aranges
                0x000000e8      0x118 StdPeriph_Driver/src/stm32f10x_rcc.o
 .debug_aranges
                0x00000200      0x2f0 StdPeriph_Driver/src/stm32f10x_tim.o
 .debug_aranges
                0x000004f0      0x100 StdPeriph_Driver/src/stm32f10x_usart.o
 .debug_aranges
                0x000005f0       0x38 src/Delay.o
 .debug_aranges
                0x00000628       0x40 src/PWM.o
 .debug_aranges
                0x00000668       0x48 src/Usart.o
 .debug_aranges
                0x000006b0       0x28 src/main.o
 .debug_aranges
                0x000006d8       0x38 src/system_stm32f10x.o
 .debug_aranges
                0x00000710       0x28 startup/startup_stm32.o

.debug_ranges   0x00000000      0x690
 .debug_ranges  0x00000000       0x30 StdPeriph_Driver/src/misc.o
 .debug_ranges  0x00000030       0x98 StdPeriph_Driver/src/stm32f10x_gpio.o
 .debug_ranges  0x000000c8      0x108 StdPeriph_Driver/src/stm32f10x_rcc.o
 .debug_ranges  0x000001d0      0x2e0 StdPeriph_Driver/src/stm32f10x_tim.o
 .debug_ranges  0x000004b0       0xf0 StdPeriph_Driver/src/stm32f10x_usart.o
 .debug_ranges  0x000005a0       0x28 src/Delay.o
 .debug_ranges  0x000005c8       0x30 src/PWM.o
 .debug_ranges  0x000005f8       0x38 src/Usart.o
 .debug_ranges  0x00000630       0x18 src/main.o
 .debug_ranges  0x00000648       0x28 src/system_stm32f10x.o
 .debug_ranges  0x00000670       0x20 startup/startup_stm32.o

.debug_macro    0x00000000     0xdc47
 .debug_macro   0x00000000      0x18b StdPeriph_Driver/src/misc.o
 .debug_macro   0x0000018b       0x55 StdPeriph_Driver/src/misc.o
 .debug_macro   0x000001e0       0x22 StdPeriph_Driver/src/misc.o
 .debug_macro   0x00000202      0x69f StdPeriph_Driver/src/misc.o
 .debug_macro   0x000008a1     0x7dbe StdPeriph_Driver/src/misc.o
 .debug_macro   0x0000865f      0x2df StdPeriph_Driver/src/misc.o
 .debug_macro   0x0000893e      0x144 StdPeriph_Driver/src/misc.o
 .debug_macro   0x00008a82      0x3cf StdPeriph_Driver/src/misc.o
 .debug_macro   0x00008e51       0xc8 StdPeriph_Driver/src/misc.o
 .debug_macro   0x00008f19      0x179 StdPeriph_Driver/src/misc.o
 .debug_macro   0x00009092       0xac StdPeriph_Driver/src/misc.o
 .debug_macro   0x0000913e      0x3ad StdPeriph_Driver/src/misc.o
 .debug_macro   0x000094eb       0x9a StdPeriph_Driver/src/misc.o
 .debug_macro   0x00009585      0x2cf StdPeriph_Driver/src/misc.o
 .debug_macro   0x00009854      0x279 StdPeriph_Driver/src/misc.o
 .debug_macro   0x00009acd      0x2a6 StdPeriph_Driver/src/misc.o
 .debug_macro   0x00009d73      0x2b1 StdPeriph_Driver/src/misc.o
 .debug_macro   0x0000a024       0x64 StdPeriph_Driver/src/misc.o
 .debug_macro   0x0000a088       0x82 StdPeriph_Driver/src/misc.o
 .debug_macro   0x0000a10a      0x3e2 StdPeriph_Driver/src/misc.o
 .debug_macro   0x0000a4ec       0x58 StdPeriph_Driver/src/misc.o
 .debug_macro   0x0000a544      0x341 StdPeriph_Driver/src/misc.o
 .debug_macro   0x0000a885      0x2c2 StdPeriph_Driver/src/misc.o
 .debug_macro   0x0000ab47      0x711 StdPeriph_Driver/src/misc.o
 .debug_macro   0x0000b258      0x220 StdPeriph_Driver/src/misc.o
 .debug_macro   0x0000b478       0x34 StdPeriph_Driver/src/misc.o
 .debug_macro   0x0000b4ac       0x35 StdPeriph_Driver/src/misc.o
 .debug_macro   0x0000b4e1       0x84 StdPeriph_Driver/src/misc.o
 .debug_macro   0x0000b565      0x1d7 StdPeriph_Driver/src/stm32f10x_gpio.o
 .debug_macro   0x0000b73c      0x2a0 StdPeriph_Driver/src/stm32f10x_gpio.o
 .debug_macro   0x0000b9dc      0x2a1 StdPeriph_Driver/src/stm32f10x_rcc.o
 .debug_macro   0x0000bc7d      0x3dc StdPeriph_Driver/src/stm32f10x_rcc.o
 .debug_macro   0x0000c059      0x1a1 StdPeriph_Driver/src/stm32f10x_tim.o
 .debug_macro   0x0000c1fa      0x70b StdPeriph_Driver/src/stm32f10x_tim.o
 .debug_macro   0x0000c905      0x23d StdPeriph_Driver/src/stm32f10x_usart.o
 .debug_macro   0x0000cb42      0x21a StdPeriph_Driver/src/stm32f10x_usart.o
 .debug_macro   0x0000cd5c      0x194 src/Delay.o
 .debug_macro   0x0000cef0       0xc4 src/Delay.o
 .debug_macro   0x0000cfb4      0x39b src/PWM.o
 .debug_macro   0x0000d34f       0x28 src/PWM.o
 .debug_macro   0x0000d377      0x39b src/Usart.o
 .debug_macro   0x0000d712       0x1c src/Usart.o
 .debug_macro   0x0000d72e      0x391 src/main.o
 .debug_macro   0x0000dabf      0x188 src/system_stm32f10x.o

.debug_line     0x00000000     0x51c8
 .debug_line    0x00000000      0x5f8 StdPeriph_Driver/src/misc.o
 .debug_line    0x000005f8      0x776 StdPeriph_Driver/src/stm32f10x_gpio.o
 .debug_line    0x00000d6e      0x875 StdPeriph_Driver/src/stm32f10x_rcc.o
 .debug_line    0x000015e3      0xefa StdPeriph_Driver/src/stm32f10x_tim.o
 .debug_line    0x000024dd      0x847 StdPeriph_Driver/src/stm32f10x_usart.o
 .debug_line    0x00002d24      0x619 src/Delay.o
 .debug_line    0x0000333d      0x7fb src/PWM.o
 .debug_line    0x00003b38      0x824 src/Usart.o
 .debug_line    0x0000435c      0x7c2 src/main.o
 .debug_line    0x00004b1e      0x62e src/system_stm32f10x.o
 .debug_line    0x0000514c       0x7c startup/startup_stm32.o

.debug_str      0x00000000    0x54aa4
 .debug_str     0x00000000    0x4d2ce StdPeriph_Driver/src/misc.o
                              0x4d43f (size before relaxing)
 .debug_str     0x0004d2ce      0x5c0 StdPeriph_Driver/src/stm32f10x_gpio.o
                              0x4d7b7 (size before relaxing)
 .debug_str     0x0004d88e      0xb59 StdPeriph_Driver/src/stm32f10x_rcc.o
                              0x4dd9d (size before relaxing)
 .debug_str     0x0004e3e7      0xc15 StdPeriph_Driver/src/stm32f10x_tim.o
                              0x4debb (size before relaxing)
 .debug_str     0x0004effc      0x7f0 StdPeriph_Driver/src/stm32f10x_usart.o
                              0x4dac7 (size before relaxing)
 .debug_str     0x0004f7ec      0x4cd src/Delay.o
                              0x4d6ba (size before relaxing)
 .debug_str     0x0004fcb9     0x4986 src/PWM.o
                              0x523d6 (size before relaxing)
 .debug_str     0x0005463f      0x33e src/Usart.o
                              0x525f2 (size before relaxing)
 .debug_str     0x0005497d       0x23 src/main.o
                              0x52142 (size before relaxing)
 .debug_str     0x000549a0       0xaa src/system_stm32f10x.o
                              0x4d34b (size before relaxing)
 .debug_str     0x00054a4a       0x5a startup/startup_stm32.o

.comment        0x00000000       0x7f
 .comment       0x00000000       0x7f StdPeriph_Driver/src/misc.o
                                 0x80 (size before relaxing)
 .comment       0x0000007f       0x80 StdPeriph_Driver/src/stm32f10x_gpio.o
 .comment       0x0000007f       0x80 StdPeriph_Driver/src/stm32f10x_rcc.o
 .comment       0x0000007f       0x80 StdPeriph_Driver/src/stm32f10x_tim.o
 .comment       0x0000007f       0x80 StdPeriph_Driver/src/stm32f10x_usart.o
 .comment       0x0000007f       0x80 src/Delay.o
 .comment       0x0000007f       0x80 src/PWM.o
 .comment       0x0000007f       0x80 src/Usart.o
 .comment       0x0000007f       0x80 src/main.o
 .comment       0x0000007f       0x80 src/system_stm32f10x.o

.debug_frame    0x00000000     0x2030
 .debug_frame   0x00000000       0xd8 StdPeriph_Driver/src/misc.o
 .debug_frame   0x000000d8      0x2d0 StdPeriph_Driver/src/stm32f10x_gpio.o
 .debug_frame   0x000003a8      0x4f4 StdPeriph_Driver/src/stm32f10x_rcc.o
 .debug_frame   0x0000089c      0xe2c StdPeriph_Driver/src/stm32f10x_tim.o
 .debug_frame   0x000016c8      0x490 StdPeriph_Driver/src/stm32f10x_usart.o
 .debug_frame   0x00001b58       0xa4 src/Delay.o
 .debug_frame   0x00001bfc       0xbc src/PWM.o
 .debug_frame   0x00001cb8       0xd8 src/Usart.o
 .debug_frame   0x00001d90       0x48 src/main.o
 .debug_frame   0x00001dd8       0x98 src/system_stm32f10x.o
 .debug_frame   0x00001e70       0x2c d:/ac6/systemworkbench/plugins/fr.ac6.mcu.externaltools.arm-none.win32_1.17.0.201812190825/tools/compiler/bin/../lib/gcc/arm-none-eabi/7.3.1/../../../../arm-none-eabi/lib/thumb/v7-m\libc.a(lib_a-init.o)
 .debug_frame   0x00001e9c       0x5c d:/ac6/systemworkbench/plugins/fr.ac6.mcu.externaltools.arm-none.win32_1.17.0.201812190825/tools/compiler/bin/../lib/gcc/arm-none-eabi/7.3.1/../../../../arm-none-eabi/lib/thumb/v7-m\libc.a(lib_a-__call_atexit.o)
 .debug_frame   0x00001ef8       0x20 d:/ac6/systemworkbench/plugins/fr.ac6.mcu.externaltools.arm-none.win32_1.17.0.201812190825/tools/compiler/bin/../lib/gcc/arm-none-eabi/7.3.1/../../../../arm-none-eabi/lib/thumb/v7-m\libc.a(lib_a-atexit.o)
 .debug_frame   0x00001f18       0x34 d:/ac6/systemworkbench/plugins/fr.ac6.mcu.externaltools.arm-none.win32_1.17.0.201812190825/tools/compiler/bin/../lib/gcc/arm-none-eabi/7.3.1/../../../../arm-none-eabi/lib/thumb/v7-m\libc.a(lib_a-fini.o)
 .debug_frame   0x00001f4c       0xb0 d:/ac6/systemworkbench/plugins/fr.ac6.mcu.externaltools.arm-none.win32_1.17.0.201812190825/tools/compiler/bin/../lib/gcc/arm-none-eabi/7.3.1/../../../../arm-none-eabi/lib/thumb/v7-m\libc.a(lib_a-lock.o)
 .debug_frame   0x00001ffc       0x34 d:/ac6/systemworkbench/plugins/fr.ac6.mcu.externaltools.arm-none.win32_1.17.0.201812190825/tools/compiler/bin/../lib/gcc/arm-none-eabi/7.3.1/../../../../arm-none-eabi/lib/thumb/v7-m\libc.a(lib_a-__atexit.o)
